Initializing AMReX (25.12-26-g53dc0a470c5d)...
MPI initialized with 4 MPI processes
MPI initialized with thread support level 0
AMReX (25.12-26-g53dc0a470c5d) initialized
Successfully read inputs file ... 

ERF git hash: 26.01-944-gc622469bbba3
AMReX git hash: 25.12-26-g53dc0a470c5d

Problem name (from inputs file) is Unknown
Thermal stratification based on gradient of potential temperature
Null land surface model!
SOLVER CHOICE: 
At level 0 : 
   compressible with no substepping
vert_implicit_fac           : 0 0 0
use_coriolis                : 0
use_gravity                 : 0
Moisture Model: None
Terrain Type: None
Buildings Type: None
   Mesh Type: ConstantDz
ABL Driver Type: 
    None
Radiation Model: None
Gradp_type                  : 0
Buoyancy_type at level 0 : 2
Advection Choices: 
    dycore_horiz_adv_type   : Upwind_3rd
    dycore_vert_adv_type    : Upwind_3rd
   dryscal_horiz_adv_type   : Upwind_3rd
   dryscal_vert_adv_type    : Upwind_3rd
 moistscal_horiz_adv_type   : WENO3
 moistscal_vert_adv_type    : WENO3
Diffusion choices: 
    rho0_trans              : 1
    alpha_T                 : 0
    alpha_C                 : 0
    dynamic_viscosity       : 0
Not using any molecular diffusivity, i.e. using the modeled turbulent diffusivity
Sponge choices: 
Rayleigh damping            : None
w damping                   : 0 (coeff = -1 * dz/dt**2)
Turbulence Settings at level 0
    Using DNS model at level 0
Super-Droplets moisture model!
Creating new distribution map on level: 0
BA FROM SCRATCH AT LEVEL 0 (BoxArray maxbox(4)
       m_ref->m_hash_sig(0)
       ((0,0,0) (1,1,3) (0,0,0)) ((2,0,0) (3,1,3) (0,0,0)) ((0,2,0) (1,3,3) (0,0,0)) ((2,2,0) (3,3,3) (0,0,0)) )

max of zphys_nd 100
max of zlevels  100
Initializing uniform fields rho=1 theta=300
Bubble delta T = -15 K
  centered at (0 0 0)
  with extent (0 0 0)
SuperDropletPC(super_droplets_moisture): added 1 int-type attribute(s).
SuperDropletPC(super_droplets_moisture): added 12 real-type attribute(s).
SuperDropletsMoist:
    diagnostics_interval: 1
    include cold processes: true
    cloud/rain radius: 4e-05 [m]
    kinematic mode: false
    dimensionality: three_d
    include phase change: false
    include particle advection: false
    include coalescence: false
    Recycle particles: false
    number of substeps (phase change): 1
    initial phase change relaxation: false
SuperDropletPC(super_droplets_moisture):
  Density scaling: false
  Nucleate particles: false
  Inactive particles threshold: 0.01
  Recycling bounding box: [0, 100]  x [0, 100]  x [0, 100]
  Advect with flow: true
  Advect with gravity: true
  Prescribed advection: false
  Random initial placement: true
  Coalescence bin size: (4,4,4)
  Include Brownian coaslescence: false
  Coalescence kernel: sedimentation
  Mass change time integrator: backward_euler (cfl = 1000)
    Terminal velocity model(s): CloudRainShima (water), IceBohm (ice)
  SuperDropletPC(super_droplets_moisture) Initialization:
    Initial number density: 1000000000
    Initial super-droplets number density: -1
    Particle box: (RealBox 0 100 0 100 0 100 )
    Multiplicity type: sampled
    Particles per cell: 2048
    Vapour/Condensate Species material:
        H2O (distribution: mass_constant, value=4.1887902e-42)
        ice (distribution: mass_constant, value=0)
    Aerosols material:
        NaCl (distribution: mass_constant, value=1e-19)
    Number of physical particles per cell: 1.5625e+13
    Number of super droplets per cell: 2048
    Adding particles in box with volume 1000000.
  Particle container size: 131072
  Total number of superdroplets per cell: 2048
Initialized 131072 super-droplets representing 1e+15 particles in super-droplets moisture model.
Based on cfl of 1.0 
Compressible dt at level 0 would be:  0.07639693597
Anelastic dt at level 0 would be undefined 
Fixed dt at level 0       is:  0.05
SuperDropletPC(super_droplets_moisture) attributes (min, max, avg):
    mass [kg]: 1e-19, 1e-19, 1e-19
    radius [m]: 2.879411911e-08, 2.879411911e-08, 2.879411911e-08
    multiplicity: 87436, 1.569202641e+10, 7629394531
    velocity components [m/s]:
        x: 0, 0, 0
        y: 0, 0, 0
        z: 0, 0, 0
    terminal velocity [m/s]: 0, 0, 0
    species masses [kg]:
        H2O: 4.1887902e-42, 4.1887902e-42, 4.1887902e-42
        ice: 0, 0, 0
    aerosol masses [kg]:
        NaCl: 1e-19, 1e-19, 1e-19
    freezing temperature [K]: 235.15, 235.15, 235.15
    eq. radius [m]: 0, 0, 0
    polar. radius [m]: 0, 0, 0
    apparent ice density [kg/m^3]: 0, 0, 0
    rime mass [kg]: 0, 0, 0
    num. primary crystals: 0, 0, 0
Writing super_droplets_moisture_g_lnR_00000.txt
ParticleData: the following additional Eulerian variables are available to plot:
    super_droplets_moisture_mass_flux_x
    super_droplets_moisture_mass_flux_y
    super_droplets_moisture_mass_flux_z
    super_droplets_moisture_number_density
    super_droplets_moisture_sd_number_density
    super_droplets_moisture_mass_density
    super_droplets_moisture_radius
    super_droplets_moisture_mass_density_H2O
    super_droplets_moisture_mass_flux_x_H2O
    super_droplets_moisture_mass_flux_y_H2O
    super_droplets_moisture_mass_flux_z_H2O
    super_droplets_moisture_aerosol_mass_density_NaCl
    super_droplets_moisture_aerosol_mass_flux_x_NaCl
    super_droplets_moisture_aerosol_mass_flux_y_NaCl
    super_droplets_moisture_aerosol_mass_flux_z_NaCl
    super_droplets_moisture_species_mass_density_H2O
    super_droplets_moisture_species_mass_flux_x_H2O
    super_droplets_moisture_species_mass_flux_y_H2O
    super_droplets_moisture_species_mass_flux_z_H2O
    super_droplets_moisture_species_mass_density_ice
    super_droplets_moisture_species_mass_flux_x_ice
    super_droplets_moisture_species_mass_flux_y_ice
    super_droplets_moisture_species_mass_flux_z_ice
SuperDroplets: the following additional variables are available to plot:
    accum_NaCl
Writing native 3D plotfile plt00000
3DPlotfile write time = 0.998948526 seconds.

TIME= 0             
 MASS       = 1060620.201
 RHO THETA  = 300000000
 RHO SCALAR = 0
 RHO QTOTAL = 4.1887902e-27

Total Time: 1.473507903


TinyProfiler total time across processes [min...avg...max]: 1.474 ... 1.474 ... 1.474

-----------------------------------------------------------------------------------------------
Name                                            NCalls  Excl. Min  Excl. Avg  Excl. Max   Max %
-----------------------------------------------------------------------------------------------
WriteBinaryParticleData()                            1     0.9566     0.9586     0.9622  65.27%
SuperDropletPC::ComputeDistributions()               1     0.4464     0.4485     0.4549  30.86%
VisMF::Write(FabArray)                               1   0.007575    0.01024    0.01607   1.09%
WriteMultiLevelPlotfile()                            1  0.0007106   0.008991    0.01453   0.99%
ERF::InitData()                                      1   0.008947    0.01097    0.01294   0.88%
UtilCreateCleanDirectory()                           2   3.72e-07    0.00241   0.009637   0.65%
FillBoundary_finish()                               63  0.0006015   0.006626   0.008697   0.59%
SuperDropletPC::addParticles                         1   0.007156   0.007228   0.007277   0.49%
main()                                               1   0.005724   0.005739   0.005763   0.39%
ParticleContainer::WriteParticles()                  1   0.004896   0.005202   0.005362   0.36%
amrex::ParticleToMesh                                5   0.003126   0.003142   0.003151   0.21%
SuperDropletPC::Diagnostics()                        1   0.002166   0.002167   0.002167   0.15%
SuperDropletPC::InitializeParticles()                1  0.0003571   0.000408  0.0004778   0.03%
SuperDropletsMoist::InitParticles()                  1  2.425e-05  2.614e-05    2.8e-05   0.00%
FabArray::FillBoundary()                            55  1.731e-05  1.947e-05  2.163e-05   0.00%
ERF::FillPatchCrseLevel()                            2  5.489e-06  6.468e-06  7.146e-06   0.00%
FillPatchSingleLevel                                 8  5.333e-06  6.153e-06  6.901e-06   0.00%
ParticleData::writePlotFile                          1  3.773e-06  4.433e-06  5.025e-06   0.00%
SuperDropletsMoist::FinishInit()                     1  2.385e-06   2.83e-06  3.166e-06   0.00%
SuperDropletsMoist::computeQiQgQsWater()             1  1.434e-06   1.61e-06  1.831e-06   0.00%
Other                                              371   0.002383   0.003322   0.003773   0.26%
-----------------------------------------------------------------------------------------------

-----------------------------------------------------------------------------------------------
Name                                            NCalls  Incl. Min  Incl. Avg  Incl. Max   Max %
-----------------------------------------------------------------------------------------------
main()                                               1      1.474      1.474      1.474  99.96%
ERF::InitData()                                      1      1.468      1.468      1.468  99.57%
ParticleData::writePlotFile                          1     0.9615     0.9638     0.9674  65.62%
WriteBinaryParticleData()                            1     0.9615     0.9638     0.9674  65.62%
SuperDropletsMoist::FinishInit()                     1      0.452     0.4542     0.4606  31.24%
SuperDropletPC::Diagnostics()                        1     0.4486     0.4508     0.4572  31.01%
SuperDropletPC::ComputeDistributions()               1     0.4464     0.4485     0.4549  30.86%
WriteMultiLevelPlotfile()                            1    0.01794    0.02164    0.02642   1.79%
VisMF::Write(FabArray)                               1   0.007575    0.01024    0.01607   1.09%
FabArray::FillBoundary()                            55   0.002073   0.008072    0.01013   0.69%
UtilCreateCleanDirectory()                           2   3.72e-07    0.00241   0.009637   0.65%
FillBoundary_finish()                               63  0.0006015   0.006626   0.008697   0.59%
ERF::FillPatchCrseLevel()                            2  0.0004097   0.006449   0.008508   0.58%
FillPatchSingleLevel                                 8  0.0002209   0.006255   0.008312   0.56%
SuperDropletsMoist::InitParticles()                  1   0.007741   0.007743   0.007744   0.53%
SuperDropletPC::InitializeParticles()                1   0.007636   0.007638   0.007641   0.52%
SuperDropletPC::addParticles                         1   0.007158    0.00723   0.007279   0.49%
ParticleContainer::WriteParticles()                  1   0.004896   0.005202   0.005362   0.36%
amrex::ParticleToMesh                                5   0.003307   0.003325   0.003339   0.23%
SuperDropletsMoist::computeQiQgQsWater()             1   0.001991   0.001996   0.002001   0.14%
Other                                              371    0.01238    0.01348     0.0141   0.96%
-----------------------------------------------------------------------------------------------

Unused ParmParse Variables:
  [TOP]::erf.use_rayleigh_damping(nvals = 1)  :: [false]

Pinned Memory Usage:
--------------------------------------------------------------------------------------------------------------
Name                            Nalloc  AvgMem min  AvgMem avg  AvgMem max  MaxMem min  MaxMem avg  MaxMem max
--------------------------------------------------------------------------------------------------------------
The_Pinned_Arena::Initialize()       4      10   B      11   B      13   B    8192 KiB    8192 KiB    8192 KiB
--------------------------------------------------------------------------------------------------------------

Cpu Memory Usage:
------------------------------------------------------------------------------------------------------------
Name                          Nalloc  AvgMem min  AvgMem avg  AvgMem max  MaxMem min  MaxMem avg  MaxMem max
------------------------------------------------------------------------------------------------------------
ERF::InitData()                  224     308 KiB     308 KiB     308 KiB     369 KiB     369 KiB     369 KiB
SuperDropletsMoist::Init()        72      88 KiB      88 KiB      88 KiB      90 KiB      90 KiB      90 KiB
FillBoundary_nowait()           1008      20   B     332   B     438   B      75 KiB      75 KiB      75 KiB
amrex::ParticleToMesh             20      10   B      10   B      10   B    5120   B    5120   B    5120   B
ERF::estTimeStep()                 4       0   B       0   B       0   B     384   B     384   B     384   B
ERF::volWgtSumMF()                72       0   B       0   B       0   B     128   B     128   B     128   B
SuperDropletPC::addParticles       8       0   B       0   B       0   B     128   B     128   B     128   B
------------------------------------------------------------------------------------------------------------

AMReX (25.12-26-g53dc0a470c5d) finalized
