Initializing AMReX (25.12-26-g53dc0a470c5d)...
MPI initialized with 4 MPI processes
MPI initialized with thread support level 0
AMReX (25.12-26-g53dc0a470c5d) initialized
Successfully read inputs file ... 

ERF git hash: 26.01-944-gc622469bbba3
AMReX git hash: 25.12-26-g53dc0a470c5d

Problem name (from inputs file) is Unknown
Thermal stratification based on gradient of potential temperature
Null land surface model!
SOLVER CHOICE: 
At level 0 : 
   compressible with no substepping
vert_implicit_fac           : 0 0 0
use_coriolis                : 0
use_gravity                 : 0
Moisture Model: None
Terrain Type: None
Buildings Type: None
   Mesh Type: ConstantDz
ABL Driver Type: 
    None
Radiation Model: None
Gradp_type                  : 0
Buoyancy_type at level 0 : 2
Advection Choices: 
    dycore_horiz_adv_type   : Upwind_3rd
    dycore_vert_adv_type    : Upwind_3rd
   dryscal_horiz_adv_type   : Upwind_3rd
   dryscal_vert_adv_type    : Upwind_3rd
 moistscal_horiz_adv_type   : WENO3
 moistscal_vert_adv_type    : WENO3
Diffusion choices: 
    rho0_trans              : 1
    alpha_T                 : 0
    alpha_C                 : 0
    dynamic_viscosity       : 0
Not using any molecular diffusivity, i.e. using the modeled turbulent diffusivity
Sponge choices: 
Rayleigh damping            : None
w damping                   : 0 (coeff = -1 * dz/dt**2)
Turbulence Settings at level 0
    Using DNS model at level 0
Super-Droplets moisture model!
Creating new distribution map on level: 0
BA FROM SCRATCH AT LEVEL 0 (BoxArray maxbox(4)
       m_ref->m_hash_sig(0)
       ((0,0,0) (1,1,3) (0,0,0)) ((2,0,0) (3,1,3) (0,0,0)) ((0,2,0) (1,3,3) (0,0,0)) ((2,2,0) (3,3,3) (0,0,0)) )

max of zphys_nd 100
max of zlevels  100
Initializing uniform fields rho=1 theta=300
Bubble delta T = -15 K
  centered at (0 0 0)
  with extent (0 0 0)
SuperDropletPC(super_droplets_moisture): added 1 int-type attribute(s).
SuperDropletPC(super_droplets_moisture): added 12 real-type attribute(s).
SuperDropletsMoist:
    diagnostics_interval: 1
    include cold processes: true
    cloud/rain radius: 4e-05 [m]
    kinematic mode: false
    dimensionality: three_d
    include phase change: false
    include particle advection: false
    include coalescence: false
    Recycle particles: false
    number of substeps (phase change): 1
    initial phase change relaxation: false
SuperDropletPC(super_droplets_moisture):
  Density scaling: false
  Nucleate particles: false
  Inactive particles threshold: 0.01
  Recycling bounding box: [0, 100]  x [0, 100]  x [0, 100]
  Advect with flow: true
  Advect with gravity: true
  Prescribed advection: false
  Random initial placement: true
  Coalescence bin size: (4,4,4)
  Include Brownian coaslescence: false
  Coalescence kernel: sedimentation
  Mass change time integrator: backward_euler (cfl = 1000)
    Terminal velocity model(s): CloudRainShima (water), IceBohm (ice)
  SuperDropletPC(super_droplets_moisture) Initialization:
    Initial number density: 1000000000
    Initial super-droplets number density: -1
    Particle box: (RealBox 0 100 0 100 0 100 )
    Multiplicity type: sampled
    Particles per cell: 2048
    Vapour/Condensate Species material:
        H2O (distribution: mass_constant, value=4.1887902e-42)
        ice (distribution: mass_constant, value=0)
    Aerosols material:
        NaCl (distribution: radius_lognormal_autorange, mean=5e-08, std=2)
    Number of physical particles per cell: 1.5625e+13
    Number of super droplets per cell: 2048
    Adding particles in box with volume 1000000.
Finding aerosol radius sampling range
Range: rmin =1.01e-09, rmax = 8.474149517e-06, dlnr = 9.034825244
Initializing radii
Initializing tail: 328 particles
Done sampling
  Particle container size: 131072
  Total number of superdroplets per cell: 2048
Initialized 131072 super-droplets representing 1e+15 particles in super-droplets moisture model.
Based on cfl of 1.0 
Compressible dt at level 0 would be:  0.07639693597
Anelastic dt at level 0 would be undefined 
Fixed dt at level 0       is:  0.05
SuperDropletPC(super_droplets_moisture) attributes (min, max, avg):
    mass [kg]: 9.365815932e-24, 2.401047277e-11, 9.94700054e-18
    radius [m]: 1.30763239e-09, 1.789660698e-05, 8.260064935e-08
    multiplicity: 1, 4.447095481e+10, 7629394531
    velocity components [m/s]:
        x: 0, 0, 0
        y: 0, 0, 0
        z: 0, 0, 0
    terminal velocity [m/s]: 0, 0, 0
    species masses [kg]:
        H2O: 4.1887902e-42, 4.1887902e-42, 4.1887902e-42
        ice: 0, 0, 0
    aerosol masses [kg]:
        NaCl: 9.365815932e-24, 2.401047277e-11, 9.94700054e-18
    freezing temperature [K]: 235.15, 235.15, 235.15
    eq. radius [m]: 0, 0, 0
    polar. radius [m]: 0, 0, 0
    apparent ice density [kg/m^3]: 0, 0, 0
    rime mass [kg]: 0, 0, 0
    num. primary crystals: 0, 0, 0
Writing super_droplets_moisture_g_lnR_00000.txt
ParticleData: the following additional Eulerian variables are available to plot:
    super_droplets_moisture_mass_flux_x
    super_droplets_moisture_mass_flux_y
    super_droplets_moisture_mass_flux_z
    super_droplets_moisture_number_density
    super_droplets_moisture_sd_number_density
    super_droplets_moisture_mass_density
    super_droplets_moisture_radius
    super_droplets_moisture_mass_density_H2O
    super_droplets_moisture_mass_flux_x_H2O
    super_droplets_moisture_mass_flux_y_H2O
    super_droplets_moisture_mass_flux_z_H2O
    super_droplets_moisture_aerosol_mass_density_NaCl
    super_droplets_moisture_aerosol_mass_flux_x_NaCl
    super_droplets_moisture_aerosol_mass_flux_y_NaCl
    super_droplets_moisture_aerosol_mass_flux_z_NaCl
    super_droplets_moisture_species_mass_density_H2O
    super_droplets_moisture_species_mass_flux_x_H2O
    super_droplets_moisture_species_mass_flux_y_H2O
    super_droplets_moisture_species_mass_flux_z_H2O
    super_droplets_moisture_species_mass_density_ice
    super_droplets_moisture_species_mass_flux_x_ice
    super_droplets_moisture_species_mass_flux_y_ice
    super_droplets_moisture_species_mass_flux_z_ice
SuperDroplets: the following additional variables are available to plot:
    accum_NaCl
Writing native 3D plotfile plt00000
3DPlotfile write time = 0.992442838 seconds.

TIME= 0             
 MASS       = 1060620.201
 RHO THETA  = 300000000
 RHO SCALAR = 0
 RHO QTOTAL = 4.1887902e-27

Total Time: 1.644764017


TinyProfiler total time across processes [min...avg...max]: 1.645 ... 1.645 ... 1.645

-----------------------------------------------------------------------------------------------
Name                                            NCalls  Excl. Min  Excl. Avg  Excl. Max   Max %
-----------------------------------------------------------------------------------------------
WriteBinaryParticleData()                            1     0.9567     0.9618     0.9663  58.74%
SuperDropletPC::ComputeDistributions()               1      0.629       0.63      0.633  38.48%
VisMF::Write(FabArray)                               1   0.007121    0.01109    0.01784   1.08%
SuperDropletPC::addParticles                         1    0.01146    0.01154    0.01159   0.70%
WriteMultiLevelPlotfile()                            1  3.109e-05   0.004585   0.008378   0.51%
ParticleContainer::WriteParticles()                  1   0.006343   0.006627      0.007   0.43%
UtilCreateCleanDirectory()                           2   3.91e-07   0.001234   0.004936   0.30%
FillBoundary_finish()                               63  0.0006361   0.003554   0.004685   0.28%
amrex::ParticleToMesh                                5   0.003726   0.003834   0.003943   0.24%
ERF::InitData()                                      1   0.003425   0.003588   0.003816   0.23%
SuperDropletPC::Diagnostics()                        1   0.002846   0.002846   0.002846   0.17%
main()                                               1  0.0004698  0.0004717  0.0004755   0.03%
SuperDropletPC::InitializeParticles()                1  9.989e-05  0.0001627  0.0002512   0.02%
SuperDropletsMoist::InitParticles()                  1  4.935e-05  5.638e-05  6.275e-05   0.00%
FabArray::FillBoundary()                            55  2.228e-05  2.326e-05  2.412e-05   0.00%
SuperDropletsMoist::FinishInit()                     1  4.152e-06  7.093e-06   1.33e-05   0.00%
FillPatchSingleLevel                                 8  7.554e-06  9.415e-06  1.028e-05   0.00%
ParticleData::writePlotFile                          1  5.753e-06   6.99e-06  8.277e-06   0.00%
ERF::FillPatchCrseLevel()                            2   6.49e-06  7.143e-06  7.961e-06   0.00%
SuperDropletsMoist::computeQiQgQsWater()             1   2.16e-06  2.365e-06  2.648e-06   0.00%
Other                                              371   0.001982   0.003323   0.003998   0.24%
-----------------------------------------------------------------------------------------------

-----------------------------------------------------------------------------------------------
Name                                            NCalls  Incl. Min  Incl. Avg  Incl. Max   Max %
-----------------------------------------------------------------------------------------------
main()                                               1      1.645      1.645      1.645 100.00%
ERF::InitData()                                      1      1.644      1.644      1.644  99.97%
ParticleData::writePlotFile                          1     0.9637     0.9684     0.9731  59.15%
WriteBinaryParticleData()                            1     0.9637     0.9684     0.9731  59.15%
SuperDropletsMoist::FinishInit()                     1     0.6362     0.6372     0.6402  38.92%
SuperDropletPC::Diagnostics()                        1     0.6319      0.633      0.636  38.66%
SuperDropletPC::ComputeDistributions()               1      0.629       0.63      0.633  38.48%
WriteMultiLevelPlotfile()                            1    0.01209    0.01691    0.02281   1.39%
VisMF::Write(FabArray)                               1   0.007121    0.01109    0.01784   1.08%
SuperDropletsMoist::InitParticles()                  1    0.01185    0.01186    0.01187   0.72%
SuperDropletPC::InitializeParticles()                1     0.0117    0.01171    0.01172   0.71%
SuperDropletPC::addParticles                         1    0.01146    0.01155     0.0116   0.70%
ParticleContainer::WriteParticles()                  1   0.006343   0.006627      0.007   0.43%
FabArray::FillBoundary()                            55   0.001501   0.004514   0.005538   0.34%
UtilCreateCleanDirectory()                           2   3.91e-07   0.001234   0.004936   0.30%
FillBoundary_finish()                               63  0.0006361   0.003554   0.004685   0.28%
ERF::FillPatchCrseLevel()                            2  0.0004936   0.003528   0.004541   0.28%
FillPatchSingleLevel                                 8  0.0002788   0.003312   0.004327   0.26%
amrex::ParticleToMesh                                5   0.004096   0.004116   0.004132   0.25%
SuperDropletsMoist::computeQiQgQsWater()             1   0.002457   0.002459   0.002465   0.15%
Other                                              371    0.01257    0.01485    0.01635   0.99%
-----------------------------------------------------------------------------------------------

Unused ParmParse Variables:
  [TOP]::erf.use_rayleigh_damping(nvals = 1)  :: [false]

Pinned Memory Usage:
--------------------------------------------------------------------------------------------------------------
Name                            Nalloc  AvgMem min  AvgMem avg  AvgMem max  MaxMem min  MaxMem avg  MaxMem max
--------------------------------------------------------------------------------------------------------------
The_Pinned_Arena::Initialize()       4      18   B      20   B      23   B    8192 KiB    8192 KiB    8192 KiB
--------------------------------------------------------------------------------------------------------------

Cpu Memory Usage:
------------------------------------------------------------------------------------------------------------
Name                          Nalloc  AvgMem min  AvgMem avg  AvgMem max  MaxMem min  MaxMem avg  MaxMem max
------------------------------------------------------------------------------------------------------------
ERF::InitData()                  224     310 KiB     310 KiB     310 KiB     369 KiB     369 KiB     369 KiB
SuperDropletsMoist::Init()        72      89 KiB      89 KiB      89 KiB      90 KiB      90 KiB      90 KiB
FillBoundary_nowait()           1008      22   B     161   B     209   B      75 KiB      75 KiB      75 KiB
amrex::ParticleToMesh             20      11   B      11   B      12   B    5120   B    5120   B    5120   B
ERF::estTimeStep()                 4       0   B       0   B       0   B     384   B     384   B     384   B
ERF::volWgtSumMF()                72       0   B       0   B       0   B     128   B     128   B     128   B
SuperDropletPC::addParticles       8       0   B       0   B       0   B     128   B     128   B     128   B
------------------------------------------------------------------------------------------------------------

AMReX (25.12-26-g53dc0a470c5d) finalized
