Initializing AMReX (25.12-26-g53dc0a470c5d)...
MPI initialized with 4 MPI processes
MPI initialized with thread support level 0
Initializing HIP...
HIP initialized with 4 devices.
AMReX (25.12-26-g53dc0a470c5d) initialized
Successfully read inputs file ... 

ERF git hash: 26.01-944-gc622469bbba3
AMReX git hash: 25.12-26-g53dc0a470c5d

Problem name (from inputs file) is Unknown
Thermal stratification based on gradient of potential temperature
Null land surface model!
SOLVER CHOICE: 
At level 0 : 
   compressible with no substepping
vert_implicit_fac           : 0 0 0
use_coriolis                : 0
use_gravity                 : 0
Moisture Model: None
Terrain Type: None
Buildings Type: None
   Mesh Type: ConstantDz
ABL Driver Type: 
    None
Radiation Model: None
Gradp_type                  : 0
Buoyancy_type at level 0 : 2
Advection Choices: 
    dycore_horiz_adv_type   : Upwind_3rd
    dycore_vert_adv_type    : Upwind_3rd
   dryscal_horiz_adv_type   : Upwind_3rd
   dryscal_vert_adv_type    : Upwind_3rd
 moistscal_horiz_adv_type   : WENO3
 moistscal_vert_adv_type    : WENO3
Diffusion choices: 
    rho0_trans              : 1
    alpha_T                 : 0
    alpha_C                 : 0
    dynamic_viscosity       : 0
Not using any molecular diffusivity, i.e. using the modeled turbulent diffusivity
Sponge choices: 
Rayleigh damping            : None
w damping                   : 0 (coeff = -1 * dz/dt**2)
Turbulence Settings at level 0
    Using DNS model at level 0
Super-Droplets moisture model!
Creating new distribution map on level: 0
BA FROM SCRATCH AT LEVEL 0 (BoxArray maxbox(4)
       m_ref->m_hash_sig(0)
       ((0,0,0) (1,1,3) (0,0,0)) ((2,0,0) (3,1,3) (0,0,0)) ((0,2,0) (1,3,3) (0,0,0)) ((2,2,0) (3,3,3) (0,0,0)) )

max of zphys_nd 100
max of zlevels  100
Initializing uniform fields rho=1 theta=300
Bubble delta T = -15 K
  centered at (0 0 0)
  with extent (0 0 0)
SuperDropletPC(super_droplets_moisture): added 1 int-type attribute(s).
SuperDropletPC(super_droplets_moisture): added 12 real-type attribute(s).
SuperDropletsMoist:
    diagnostics_interval: 1
    include cold processes: true
    cloud/rain radius: 4e-05 [m]
    kinematic mode: false
    dimensionality: three_d
    include phase change: false
    include particle advection: false
    include coalescence: false
    Recycle particles: false
    number of substeps (phase change): 1
    initial phase change relaxation: false
SuperDropletPC(super_droplets_moisture):
  Density scaling: false
  Nucleate particles: false
  Inactive particles threshold: 0.01
  Recycling bounding box: [0, 100]  x [0, 100]  x [0, 100]
  Advect with flow: true
  Advect with gravity: true
  Prescribed advection: false
  Random initial placement: true
  Coalescence bin size: (4,4,4)
  Include Brownian coaslescence: false
  Coalescence kernel: sedimentation
  Mass change time integrator: backward_euler (cfl = 1000)
    Terminal velocity model(s): CloudRainShima (water), IceBohm (ice)
  SuperDropletPC(super_droplets_moisture) Initialization:
    Initial number density: -1
    Initial super-droplets number density: -1
    Particle box: (RealBox 0 100 0 100 0 100 )
    Multiplicity type: constant
    Particles per cell: 2048
    Vapour/Condensate Species material:
        H2O (distribution: mass_constant, value=4.1887902e-42)
        ice (distribution: mass_constant, value=0)
    Aerosols material:
        NaCl (distribution: radius_log_normal, min=1e-09, max=1e-06, mean=5e-08, std=2)
    Number of physical particles per cell: 1
    Number of super droplets per cell: 2048
    Adding particles in box with volume 1000000.
  Particle container size: 131072
  Total number of superdroplets per cell: 2048
Initialized 131072 super-droplets representing 131072 particles in super-droplets moisture model.
Based on cfl of 1.0 
Compressible dt at level 0 would be:  0.07639693597
Anelastic dt at level 0 would be undefined 
Fixed dt at level 0       is:  0.05
SuperDropletPC(super_droplets_moisture) attributes (min, max, avg):
    mass [kg]: 2.318580223e-23, 8.780092752e-15, 9.692996194e-18
    radius [m]: 1.768932139e-09, 1.279784457e-06, 8.21972273e-08
    multiplicity: 1, 1, 1
    velocity components [m/s]:
        x: 0, 0, 0
        y: 0, 0, 0
        z: 0, 0, 0
    terminal velocity [m/s]: 0, 0, 0
    species masses [kg]:
        H2O: 4.1887902e-42, 4.1887902e-42, 4.1887902e-42
        ice: 0, 0, 0
    aerosol masses [kg]:
        NaCl: 2.318580223e-23, 8.780092752e-15, 9.692996194e-18
    freezing temperature [K]: 235.15, 235.15, 235.15
    eq. radius [m]: 0, 0, 0
    polar. radius [m]: 0, 0, 0
    apparent ice density [kg/m^3]: 0, 0, 0
    rime mass [kg]: 0, 0, 0
    num. primary crystals: 0, 0, 0
Writing super_droplets_moisture_g_lnR_00000.txt
ParticleData: the following additional Eulerian variables are available to plot:
    super_droplets_moisture_mass_flux_x
    super_droplets_moisture_mass_flux_y
    super_droplets_moisture_mass_flux_z
    super_droplets_moisture_number_density
    super_droplets_moisture_sd_number_density
    super_droplets_moisture_mass_density
    super_droplets_moisture_radius
    super_droplets_moisture_mass_density_H2O
    super_droplets_moisture_mass_flux_x_H2O
    super_droplets_moisture_mass_flux_y_H2O
    super_droplets_moisture_mass_flux_z_H2O
    super_droplets_moisture_aerosol_mass_density_NaCl
    super_droplets_moisture_aerosol_mass_flux_x_NaCl
    super_droplets_moisture_aerosol_mass_flux_y_NaCl
    super_droplets_moisture_aerosol_mass_flux_z_NaCl
    super_droplets_moisture_species_mass_density_H2O
    super_droplets_moisture_species_mass_flux_x_H2O
    super_droplets_moisture_species_mass_flux_y_H2O
    super_droplets_moisture_species_mass_flux_z_H2O
    super_droplets_moisture_species_mass_density_ice
    super_droplets_moisture_species_mass_flux_x_ice
    super_droplets_moisture_species_mass_flux_y_ice
    super_droplets_moisture_species_mass_flux_z_ice
SuperDroplets: the following additional variables are available to plot:
    accum_NaCl
Writing native 3D plotfile plt00000
3DPlotfile write time = 0.085842341 seconds.

TIME= 0             
 MASS       = 1060620.201
 RHO THETA  = 300000000
 RHO SCALAR = 0
 RHO QTOTAL = 5.490331091e-37

Total Time: 0.76902663


TinyProfiler total time across processes [min...avg...max]: 0.69 ... 0.7304 ... 0.7693

-----------------------------------------------------------------------------------------------
Name                                            NCalls  Excl. Min  Excl. Avg  Excl. Max   Max %
-----------------------------------------------------------------------------------------------
ERF::InitData()                                      1    0.09009     0.1636     0.2357  30.64%
SuperDropletPC::addParticles                         1     0.1343     0.1599     0.2008  26.10%
FillBoundary_finish()                               63    0.07462     0.1286     0.1865  24.24%
FillBoundary_nowait()                               63   0.004339     0.1133     0.1602  20.82%
DistributionMapping::LeastUsedCPUs()                 1   5.66e-05    0.03475    0.07548   9.81%
SuperDropletPC::InitializeParticles()                1  0.0002252    0.04103    0.06663   8.66%
WriteBinaryParticleData()                            1    0.03417     0.0392    0.04332   5.63%
VisMF::Write(FabArray)                               1   0.005384    0.01053    0.01946   2.53%
ParticleContainer::WriteParticles()                  1    0.01004    0.01247    0.01871   2.43%
SuperDropletPC::ComputeDistributions()               1   0.009782    0.01107    0.01493   1.94%
WriteMultiLevelPlotfile()                            1  2.877e-05   0.005484    0.01023   1.33%
UtilCreateCleanDirectory()                           2    3.6e-07   0.001451   0.005803   0.75%
main()                                               1  0.0007082   0.001712     0.0045   0.58%
FabArray::setVal()                                  75    0.00136   0.001518   0.001595   0.21%
amrex::ParticleToMesh                                5   0.001143   0.001174   0.001188   0.15%
SuperDropletPC::Diagnostics()                        1   0.001055   0.001057    0.00106   0.14%
FabArray::sum()                                     18   0.000842  0.0009133  0.0009624   0.13%
ERF::volWgtSumMF()                                  18  0.0003394  0.0003558    0.00037   0.05%
SuperDropletsMoist::Copy_State_to_Micro()            1  0.0001448   0.000152  0.0001592   0.02%
SuperDropletsMoist::Init()                           1  9.243e-05  0.0001108  0.0001336   0.02%
SuperDropletsMoist::InitParticles()                  1  3.613e-05  4.595e-05  5.815e-05   0.01%
SuperDropletsMoist::FinishInit()                     1  3.242e-05  3.999e-05  5.029e-05   0.01%
ERF::sum_integrated_quantities()                     1   9.28e-06  1.899e-05  4.162e-05   0.01%
FabArray::FillBoundary()                            55  2.906e-05  3.198e-05  3.609e-05   0.00%
FillPatchSingleLevel                                 8  1.504e-05  2.331e-05  3.505e-05   0.00%
AmrMesh::MakeDistributionMap()                       1  1.016e-05  1.451e-05  1.866e-05   0.00%
DistributionMapping::SFCProcessorMapDoIt()           1  1.022e-05  1.122e-05  1.278e-05   0.00%
ParticleData::writePlotFile                          1   4.27e-06  5.705e-06    7.6e-06   0.00%
ERF::FillPatchCrseLevel()                            2   5.99e-06  6.438e-06   7.37e-06   0.00%
SuperDropletsMoist::computeQiQgQsWater()             1   3.48e-06   4.72e-06    6.8e-06   0.00%
FabArray<FAB>::SumBoundary()                         5   3.05e-06  4.413e-06   5.52e-06   0.00%
SuperDropletsMoist::computeQcQrWater()               1   3.14e-06  3.772e-06   4.54e-06   0.00%
SuperDropletPC::iceCategoryDensity()                 3    1.5e-06  2.483e-06    4.1e-06   0.00%
SuperDropletsMoist::Update_Micro_Vars()              1    2.4e-06   2.53e-06   2.71e-06   0.00%
SuperDropletPC::cloudRainDensity()                   2   1.93e-06   2.15e-06   2.32e-06   0.00%
Other                                              179   0.001663   0.001865   0.002111   0.27%
-----------------------------------------------------------------------------------------------

-----------------------------------------------------------------------------------------------
Name                                            NCalls  Incl. Min  Incl. Avg  Incl. Max   Max %
-----------------------------------------------------------------------------------------------
main()                                               1       0.69     0.7304     0.7693 100.00%
ERF::InitData()                                      1     0.6892     0.7287     0.7647  99.41%
FabArray::FillBoundary()                            55     0.1652     0.2414     0.3158  41.05%
SuperDropletsMoist::InitParticles()                  1     0.2011     0.2011     0.2012  26.16%
SuperDropletPC::InitializeParticles()                1     0.2009      0.201     0.2011  26.14%
SuperDropletPC::addParticles                         1     0.1344       0.16     0.2009  26.11%
FillBoundary_finish()                               63    0.07462     0.1286     0.1865  24.24%
FillBoundary_nowait()                               63   0.004681     0.1136     0.1605  20.87%
AmrMesh::MakeDistributionMap()                       1  8.256e-05    0.03478    0.07551   9.82%
DistributionMapping::SFCProcessorMapDoIt()           1  6.993e-05    0.03476     0.0755   9.81%
DistributionMapping::LeastUsedCPUs()                 1   5.66e-05    0.03475    0.07548   9.81%
ParticleData::writePlotFile                          1    0.04511    0.05168    0.05545   7.21%
WriteBinaryParticleData()                            1    0.04511    0.05167    0.05544   7.21%
WriteMultiLevelPlotfile()                            1    0.01123    0.01746    0.02529   3.29%
VisMF::Write(FabArray)                               1   0.005384    0.01053    0.01946   2.53%
SuperDropletsMoist::FinishInit()                     1    0.01358    0.01488    0.01874   2.44%
ParticleContainer::WriteParticles()                  1    0.01004    0.01247    0.01871   2.43%
SuperDropletPC::Diagnostics()                        1    0.01087    0.01217    0.01604   2.09%
SuperDropletPC::ComputeDistributions()               1   0.009782    0.01107    0.01493   1.94%
ERF::FillPatchCrseLevel()                            2    0.00122   0.005178   0.006511   0.85%
FillPatchSingleLevel                                 8   0.000658   0.004601   0.005921   0.77%
UtilCreateCleanDirectory()                           2    3.6e-07   0.001451   0.005803   0.75%
amrex::ParticleToMesh                                5   0.002012   0.002056    0.00211   0.27%
SuperDropletsMoist::Update_Micro_Vars()              1   0.001806   0.001816   0.001822   0.24%
SuperDropletsMoist::Copy_State_to_Micro()            1   0.001803   0.001814   0.001819   0.24%
SuperDropletsMoist::computeQiQgQsWater()             1    0.00159   0.001593   0.001596   0.21%
FabArray::setVal()                                  75    0.00136   0.001518   0.001595   0.21%
SuperDropletPC::iceCategoryDensity()                 3   0.001271   0.001294   0.001347   0.18%
ERF::sum_integrated_quantities()                     1   0.001223   0.001288   0.001345   0.17%
ERF::volWgtSumMF()                                  18   0.001181   0.001269   0.001332   0.17%
SuperDropletsMoist::computeQcQrWater()               1   0.001041   0.001048   0.001054   0.14%
FabArray::sum()                                     18   0.000842  0.0009133  0.0009624   0.13%
SuperDropletsMoist::Init()                           1  0.0007976  0.0008514  0.0009161   0.12%
SuperDropletPC::cloudRainDensity()                   2  0.0008347  0.0008577  0.0008727   0.11%
FabArray<FAB>::SumBoundary()                         5  0.0007493  0.0007698  0.0007905   0.10%
Other                                              179   0.005975   0.006537   0.007135   0.93%
-----------------------------------------------------------------------------------------------

Unused ParmParse Variables:
  [TOP]::erf.use_rayleigh_damping(nvals = 1)  :: [false]

Device Memory Usage:
------------------------------------------------------------------------------------------------------------------------
Name                                      Nalloc  AvgMem min  AvgMem avg  AvgMem max  MaxMem min  MaxMem avg  MaxMem max
------------------------------------------------------------------------------------------------------------------------
The_Arena::Initialize()                        4     102 KiB     109 KiB     122 KiB      96 GiB      96 GiB      96 GiB
ResizeRandomSeed                               4      23 MiB      23 MiB      23 MiB      85 MiB      85 MiB      85 MiB
SuperDropletPC::Diagnostics()                116      21 KiB      23 KiB      31 KiB      10 MiB      10 MiB      10 MiB
SuperDropletPC::addParticles                 116     349 KiB     356 KiB     373 KiB    6894 KiB    6894 KiB    6894 KiB
ParticleContainer::WriteParticles()           28    2373   B    4119   B    8223   B    5785 KiB    5785 KiB    5785 KiB
VisMF::Write(FabArray)                         4       5   B       5   B       6   B     912 KiB     912 KiB     912 KiB
ERF::InitData()                              256      41 KiB      42 KiB      42 KiB     768 KiB     768 KiB     768 KiB
WriteBinaryParticleData()                     12     947   B    1069   B    1363   B     586 KiB     586 KiB     586 KiB
ERF::estTimeStep()                            20       9   B       9   B      10   B     456 KiB     456 KiB     456 KiB
MultiFab::max()                                8      17   B      17   B      17   B     456 KiB     456 KiB     456 KiB
FabArray::sum()                              144      49   B      53   B      57   B     456 KiB     456 KiB     456 KiB
SuperDropletPC::ComputeDistributions()      1604     771   B     827   B     864   B     456 KiB     456 KiB     456 KiB
SuperDropletPC::InitializeParticles()          4       4   B       4   B       5   B     456 KiB     456 KiB     456 KiB
SuperDropletPC::TotalNumberOfParticles()       8       9   B       9   B      10   B     456 KiB     456 KiB     456 KiB
SuperDropletsMoist::InitParticles()            4       1   B       1   B       2   B     456 KiB     456 KiB     456 KiB
FillBoundary_nowait()                        844    7924   B    8197   B    8735   B     256 KiB     257 KiB     257 KiB
FillBoundary_finish()                        152    4538   B    4681   B    4983   B     150 KiB     150 KiB     150 KiB
SuperDropletsMoist::Init()                    72    5275   B    5359   B    5562   B      90 KiB      90 KiB      90 KiB
SuperDropletPC::define()                      40       9   B       9   B       9   B     160   B     160   B     160   B
ERF::volWgtSumMF()                            72       0   B       0   B       0   B     128   B     128   B     128   B
main()                                         4       4   B       4   B       4   B      32   B      32   B      32   B
------------------------------------------------------------------------------------------------------------------------

Managed Memory Usage:
---------------------------------------------------------------------------------------------------------------
Name                             Nalloc  AvgMem min  AvgMem avg  AvgMem max  MaxMem min  MaxMem avg  MaxMem max
---------------------------------------------------------------------------------------------------------------
The_Managed_Arena::Initialize()       4       0   B       0   B       0   B    8192 KiB    8192 KiB    8192 KiB
---------------------------------------------------------------------------------------------------------------

Pinned Memory Usage:
------------------------------------------------------------------------------------------------------------------------
Name                                      Nalloc  AvgMem min  AvgMem avg  AvgMem max  MaxMem min  MaxMem avg  MaxMem max
------------------------------------------------------------------------------------------------------------------------
The_Pinned_Arena::Initialize()                 4       2   B       2   B       3   B    8192 KiB    8192 KiB    8192 KiB
FillBoundary_nowait()                        324    7924   B    8197   B    8735   B     255 KiB     255 KiB     256 KiB
FillBoundary_finish()                        152    4538   B    4681   B    4983   B     150 KiB     150 KiB     150 KiB
ERF::estTimeStep()                            16       2   B       2   B       2   B     272   B     272   B     272   B
SuperDropletPC::Diagnostics()                116       0   B       0   B       0   B     192   B     192   B     192   B
FabArray::sum()                              144       0   B       0   B       0   B     144   B     144   B     144   B
MultiFab::max()                                8      13   B      13   B      13   B     144   B     144   B     144   B
SuperDropletPC::InitializeParticles()         12       2   B       3   B       4   B     144   B     144   B     144   B
VisMF::Write(FabArray)                         8       0   B       0   B       0   B     128   B     128   B     128   B
ERF::sum_integrated_quantities()              12       0   B       0   B       0   B      48   B      48   B      48   B
WriteBinaryParticleData()                      8       0   B       0   B       0   B      16   B      16   B      16   B
ERF::InitData()                                4       0   B       0   B       0   B      16   B      16   B      16   B
SuperDropletsMoist::InitParticles()            4       0   B       0   B       0   B      16   B      16   B      16   B
SuperDropletPC::addParticles                   4       0   B       0   B       0   B      16   B      16   B      16   B
SuperDropletPC::TotalNumberOfParticles()       8       0   B       0   B       0   B      16   B      16   B      16   B
SuperDropletPC::ComputeDistributions()      1604       0   B       0   B       0   B      16   B      16   B      16   B
ParticleContainer::WriteParticles()            4       0   B       0   B       0   B      16   B      16   B      16   B
------------------------------------------------------------------------------------------------------------------------

Comms Memory Usage:
-------------------------------------------------------------------------------------------------------------
Name                           Nalloc  AvgMem min  AvgMem avg  AvgMem max  MaxMem min  MaxMem avg  MaxMem max
-------------------------------------------------------------------------------------------------------------
The_Comms_Arena::Initialize()       4       1   B       1   B       2   B    8192 KiB    8192 KiB    8192 KiB
FillBoundary_nowait()             488    1258   B    1383   B    1445   B      75 KiB      75 KiB      75 KiB
-------------------------------------------------------------------------------------------------------------

Total GPU global memory (MB) spread across MPI: [131072 ... 131072]
Free  GPU global memory (MB) spread across MPI: [30626 ... 30626]
[The         Arena] max space (MB) allocated spread across MPI: [98304 ... 98304]
[The         Arena] max space (MB) used      spread across MPI: [102 ... 102]
[The Managed Arena] max space (MB) allocated spread across MPI: [8 ... 8]
[The Managed Arena] max space (MB) used      spread across MPI: [0 ... 0]
[The  Pinned Arena] max space (MB) allocated spread across MPI: [8 ... 8]
[The  Pinned Arena] max space (MB) used      spread across MPI: [0 ... 0]
[The   Comms Arena] max space (MB) allocated spread across MPI: [8 ... 8]
[The   Comms Arena] max space (MB) used      spread across MPI: [0 ... 0]
AMReX (25.12-26-g53dc0a470c5d) finalized
