Initializing AMReX (25.12-26-g53dc0a470c5d)...
MPI initialized with 4 MPI processes
MPI initialized with thread support level 0
AMReX (25.12-26-g53dc0a470c5d) initialized
Successfully read inputs file ... 

ERF git hash: 26.01-944-gc622469bbba3
AMReX git hash: 25.12-26-g53dc0a470c5d

Problem name (from inputs file) is Unknown
Thermal stratification based on gradient of potential temperature
Null land surface model!
SOLVER CHOICE: 
At level 0 : 
   compressible with no substepping
vert_implicit_fac           : 0 0 0
use_coriolis                : 0
use_gravity                 : 0
Moisture Model: None
Terrain Type: None
Buildings Type: None
   Mesh Type: ConstantDz
ABL Driver Type: 
    None
Radiation Model: None
Gradp_type                  : 0
Buoyancy_type at level 0 : 2
Advection Choices: 
    dycore_horiz_adv_type   : Upwind_3rd
    dycore_vert_adv_type    : Upwind_3rd
   dryscal_horiz_adv_type   : Upwind_3rd
   dryscal_vert_adv_type    : Upwind_3rd
 moistscal_horiz_adv_type   : WENO3
 moistscal_vert_adv_type    : WENO3
Diffusion choices: 
    rho0_trans              : 1
    alpha_T                 : 0
    alpha_C                 : 0
    dynamic_viscosity       : 0
Not using any molecular diffusivity, i.e. using the modeled turbulent diffusivity
Sponge choices: 
Rayleigh damping            : None
w damping                   : 0 (coeff = -1 * dz/dt**2)
Turbulence Settings at level 0
    Using DNS model at level 0
Super-Droplets moisture model!
Creating new distribution map on level: 0
BA FROM SCRATCH AT LEVEL 0 (BoxArray maxbox(4)
       m_ref->m_hash_sig(0)
       ((0,0,0) (1,1,3) (0,0,0)) ((2,0,0) (3,1,3) (0,0,0)) ((0,2,0) (1,3,3) (0,0,0)) ((2,2,0) (3,3,3) (0,0,0)) )

max of zphys_nd 100
max of zlevels  100
Initializing uniform fields rho=1 theta=300
Bubble delta T = -15 K
  centered at (0 0 0)
  with extent (0 0 0)
SuperDropletPC(super_droplets_moisture): added 1 int-type attribute(s).
SuperDropletPC(super_droplets_moisture): added 12 real-type attribute(s).
SuperDropletsMoist:
    diagnostics_interval: 1
    include cold processes: true
    cloud/rain radius: 4e-05 [m]
    kinematic mode: false
    dimensionality: three_d
    include phase change: false
    include particle advection: false
    include coalescence: false
    Recycle particles: false
    number of substeps (phase change): 1
    initial phase change relaxation: false
SuperDropletPC(super_droplets_moisture):
  Density scaling: false
  Nucleate particles: false
  Inactive particles threshold: 0.01
  Recycling bounding box: [0, 100]  x [0, 100]  x [0, 100]
  Advect with flow: true
  Advect with gravity: true
  Prescribed advection: false
  Random initial placement: true
  Coalescence bin size: (4,4,4)
  Include Brownian coaslescence: false
  Coalescence kernel: sedimentation
  Mass change time integrator: backward_euler (cfl = 1000)
    Terminal velocity model(s): CloudRainShima (water), IceBohm (ice)
  SuperDropletPC(super_droplets_moisture) Initialization:
    Initial number density: -1
    Initial super-droplets number density: -1
    Particle box: (RealBox 0 100 0 100 0 100 )
    Multiplicity type: constant
    Particles per cell: 2048
    Vapour/Condensate Species material:
        H2O (distribution: mass_constant, value=4.1887902e-42)
        ice (distribution: mass_constant, value=0)
    Aerosols material:
        NaCl (distribution: mass_constant, value=1e-19)
    Number of physical particles per cell: 1
    Number of super droplets per cell: 2048
    Adding particles in box with volume 1000000.
  Particle container size: 131072
  Total number of superdroplets per cell: 2048
Initialized 131072 super-droplets representing 131072 particles in super-droplets moisture model.
Based on cfl of 1.0 
Compressible dt at level 0 would be:  0.07639693597
Anelastic dt at level 0 would be undefined 
Fixed dt at level 0       is:  0.05
SuperDropletPC(super_droplets_moisture) attributes (min, max, avg):
    mass [kg]: 1e-19, 1e-19, 1e-19
    radius [m]: 2.879411911e-08, 2.879411911e-08, 2.879411911e-08
    multiplicity: 1, 1, 1
    velocity components [m/s]:
        x: 0, 0, 0
        y: 0, 0, 0
        z: 0, 0, 0
    terminal velocity [m/s]: 0, 0, 0
    species masses [kg]:
        H2O: 4.1887902e-42, 4.1887902e-42, 4.1887902e-42
        ice: 0, 0, 0
    aerosol masses [kg]:
        NaCl: 1e-19, 1e-19, 1e-19
    freezing temperature [K]: 235.15, 235.15, 235.15
    eq. radius [m]: 0, 0, 0
    polar. radius [m]: 0, 0, 0
    apparent ice density [kg/m^3]: 0, 0, 0
    rime mass [kg]: 0, 0, 0
    num. primary crystals: 0, 0, 0
Writing super_droplets_moisture_g_lnR_00000.txt
ParticleData: the following additional Eulerian variables are available to plot:
    super_droplets_moisture_mass_flux_x
    super_droplets_moisture_mass_flux_y
    super_droplets_moisture_mass_flux_z
    super_droplets_moisture_number_density
    super_droplets_moisture_sd_number_density
    super_droplets_moisture_mass_density
    super_droplets_moisture_radius
    super_droplets_moisture_mass_density_H2O
    super_droplets_moisture_mass_flux_x_H2O
    super_droplets_moisture_mass_flux_y_H2O
    super_droplets_moisture_mass_flux_z_H2O
    super_droplets_moisture_aerosol_mass_density_NaCl
    super_droplets_moisture_aerosol_mass_flux_x_NaCl
    super_droplets_moisture_aerosol_mass_flux_y_NaCl
    super_droplets_moisture_aerosol_mass_flux_z_NaCl
    super_droplets_moisture_species_mass_density_H2O
    super_droplets_moisture_species_mass_flux_x_H2O
    super_droplets_moisture_species_mass_flux_y_H2O
    super_droplets_moisture_species_mass_flux_z_H2O
    super_droplets_moisture_species_mass_density_ice
    super_droplets_moisture_species_mass_flux_x_ice
    super_droplets_moisture_species_mass_flux_y_ice
    super_droplets_moisture_species_mass_flux_z_ice
SuperDroplets: the following additional variables are available to plot:
    accum_NaCl
Writing native 3D plotfile plt00000
3DPlotfile write time = 0.828414843 seconds.

TIME= 0             
 MASS       = 1060620.201
 RHO THETA  = 300000000
 RHO SCALAR = 0
 RHO QTOTAL = 5.490331091e-37

Total Time: 1.295569885


TinyProfiler total time across processes [min...avg...max]: 1.294 ... 1.295 ... 1.296

-----------------------------------------------------------------------------------------------
Name                                            NCalls  Excl. Min  Excl. Avg  Excl. Max   Max %
-----------------------------------------------------------------------------------------------
WriteBinaryParticleData()                            1     0.7877     0.7916     0.8009  61.81%
SuperDropletPC::ComputeDistributions()               1     0.4504     0.4518     0.4561  35.20%
ParticleContainer::WriteParticles()                  1   0.005133     0.0103    0.01468   1.13%
VisMF::Write(FabArray)                               1   0.005584   0.008492    0.01434   1.11%
WriteMultiLevelPlotfile()                            1  3.756e-05   0.006888    0.01176   0.91%
UtilCreateCleanDirectory()                           2   2.72e-07   0.001961   0.007842   0.61%
FillBoundary_finish()                               63  0.0004788   0.004943   0.006464   0.50%
SuperDropletPC::addParticles                         1   0.005757   0.005887   0.006029   0.47%
ERF::InitData()                                      1   0.003102    0.00357   0.004207   0.32%
amrex::ParticleToMesh                                5    0.00313   0.003207   0.003319   0.26%
SuperDropletPC::Diagnostics()                        1   0.002537   0.002538   0.002539   0.20%
main()                                               1  0.0003718  0.0004192  0.0004531   0.03%
SuperDropletPC::InitializeParticles()                1  0.0001212  0.0002644  0.0003905   0.03%
SuperDropletsMoist::InitParticles()                  1  2.937e-05  3.371e-05  4.146e-05   0.00%
FabArray::FillBoundary()                            55  2.264e-05  2.797e-05  3.577e-05   0.00%
ERF::FillPatchCrseLevel()                            2   6.37e-06  1.168e-05  1.595e-05   0.00%
FillPatchSingleLevel                                 8   9.91e-06  1.142e-05  1.333e-05   0.00%
ParticleData::writePlotFile                          1  6.405e-06      8e-06  1.079e-05   0.00%
SuperDropletsMoist::FinishInit()                     1  3.362e-06  4.078e-06  4.656e-06   0.00%
SuperDropletsMoist::computeQiQgQsWater()             1  1.836e-06  2.025e-06  2.232e-06   0.00%
SuperDropletsMoist::computeQcQrWater()               1  1.108e-06  1.656e-06   2.08e-06   0.00%
SuperDropletPC::iceCategoryDensity()                 3  1.204e-06  1.239e-06  1.282e-06   0.00%
Other                                              367   0.001764   0.003062   0.003963   0.31%
-----------------------------------------------------------------------------------------------

-----------------------------------------------------------------------------------------------
Name                                            NCalls  Incl. Min  Incl. Avg  Incl. Max   Max %
-----------------------------------------------------------------------------------------------
main()                                               1      1.294      1.295      1.296 100.00%
ERF::InitData()                                      1      1.294      1.295      1.295  99.96%
ParticleData::writePlotFile                          1     0.7981     0.8019      0.806  62.21%
WriteBinaryParticleData()                            1     0.7981     0.8019      0.806  62.21%
SuperDropletsMoist::FinishInit()                     1     0.4566      0.458     0.4623  35.68%
SuperDropletPC::Diagnostics()                        1      0.453     0.4544     0.4587  35.40%
SuperDropletPC::ComputeDistributions()               1     0.4504     0.4518     0.4561  35.20%
WriteMultiLevelPlotfile()                            1    0.01346    0.01734    0.02222   1.72%
ParticleContainer::WriteParticles()                  1   0.005133     0.0103    0.01468   1.13%
VisMF::Write(FabArray)                               1   0.005584   0.008492    0.01434   1.11%
UtilCreateCleanDirectory()                           2   2.72e-07   0.001961   0.007842   0.61%
FabArray::FillBoundary()                            55   0.001478   0.005822   0.007279   0.56%
FillBoundary_finish()                               63  0.0004788   0.004943   0.006464   0.50%
ERF::FillPatchCrseLevel()                            2  0.0005593    0.00493    0.00639   0.49%
SuperDropletsMoist::InitParticles()                  1    0.00627    0.00627   0.006271   0.48%
FillPatchSingleLevel                                 8  0.0003417    0.00471   0.006178   0.48%
SuperDropletPC::InitializeParticles()                1   0.006149   0.006153   0.006156   0.48%
SuperDropletPC::addParticles                         1   0.005759   0.005888   0.006031   0.47%
amrex::ParticleToMesh                                5   0.003478   0.003488   0.003496   0.27%
SuperDropletsMoist::computeQiQgQsWater()             1   0.002153   0.002155    0.00216   0.17%
SuperDropletPC::iceCategoryDensity()                 3   0.002089   0.002095   0.002111   0.16%
SuperDropletsMoist::computeQcQrWater()               1   0.001431   0.001436   0.001439   0.11%
Other                                              367   0.007317    0.01011    0.01243   0.96%
-----------------------------------------------------------------------------------------------

Unused ParmParse Variables:
  [TOP]::erf.use_rayleigh_damping(nvals = 1)  :: [false]

Pinned Memory Usage:
--------------------------------------------------------------------------------------------------------------
Name                            Nalloc  AvgMem min  AvgMem avg  AvgMem max  MaxMem min  MaxMem avg  MaxMem max
--------------------------------------------------------------------------------------------------------------
The_Pinned_Arena::Initialize()       4      14   B      25   B      33   B    8192 KiB    8192 KiB    8192 KiB
--------------------------------------------------------------------------------------------------------------

Cpu Memory Usage:
------------------------------------------------------------------------------------------------------------
Name                          Nalloc  AvgMem min  AvgMem avg  AvgMem max  MaxMem min  MaxMem avg  MaxMem max
------------------------------------------------------------------------------------------------------------
ERF::InitData()                  224     310 KiB     310 KiB     310 KiB     369 KiB     369 KiB     369 KiB
SuperDropletsMoist::Init()        72      89 KiB      89 KiB      89 KiB      90 KiB      90 KiB      90 KiB
FillBoundary_nowait()           1008      27   B     285   B     372   B      75 KiB      75 KiB      75 KiB
amrex::ParticleToMesh             20      12   B      12   B      13   B    5120   B    5120   B    5120   B
ERF::estTimeStep()                 4       0   B       0   B       0   B     384   B     384   B     384   B
ERF::volWgtSumMF()                72       0   B       0   B       0   B     128   B     128   B     128   B
SuperDropletPC::addParticles       8       0   B       0   B       0   B     128   B     128   B     128   B
------------------------------------------------------------------------------------------------------------

AMReX (25.12-26-g53dc0a470c5d) finalized
