Initializing AMReX (25.12-26-g53dc0a470c5d)...
MPI initialized with 4 MPI processes
MPI initialized with thread support level 0
AMReX (25.12-26-g53dc0a470c5d) initialized
Successfully read inputs file ... 

ERF git hash: 26.01-944-gc622469bbba3
AMReX git hash: 25.12-26-g53dc0a470c5d

Problem name (from inputs file) is Unknown
Thermal stratification based on gradient of potential temperature
Null land surface model!
SOLVER CHOICE: 
At level 0 : 
   compressible with no substepping
vert_implicit_fac           : 0 0 0
use_coriolis                : 0
use_gravity                 : 0
Moisture Model: None
Terrain Type: None
Buildings Type: None
   Mesh Type: ConstantDz
ABL Driver Type: 
    None
Radiation Model: None
Gradp_type                  : 0
Buoyancy_type at level 0 : 2
Advection Choices: 
    dycore_horiz_adv_type   : Upwind_3rd
    dycore_vert_adv_type    : Upwind_3rd
   dryscal_horiz_adv_type   : Upwind_3rd
   dryscal_vert_adv_type    : Upwind_3rd
 moistscal_horiz_adv_type   : WENO3
 moistscal_vert_adv_type    : WENO3
Diffusion choices: 
    rho0_trans              : 1
    alpha_T                 : 0
    alpha_C                 : 0
    dynamic_viscosity       : 0
Not using any molecular diffusivity, i.e. using the modeled turbulent diffusivity
Sponge choices: 
Rayleigh damping            : None
w damping                   : 0 (coeff = -1 * dz/dt**2)
Turbulence Settings at level 0
    Using DNS model at level 0
Super-Droplets moisture model!
Creating new distribution map on level: 0
BA FROM SCRATCH AT LEVEL 0 (BoxArray maxbox(4)
       m_ref->m_hash_sig(0)
       ((0,0,0) (1,1,3) (0,0,0)) ((2,0,0) (3,1,3) (0,0,0)) ((0,2,0) (1,3,3) (0,0,0)) ((2,2,0) (3,3,3) (0,0,0)) )

max of zphys_nd 100
max of zlevels  100
Initializing uniform fields rho=1 theta=300
Bubble delta T = -15 K
  centered at (0 0 0)
  with extent (0 0 0)
SuperDropletPC(super_droplets_moisture): added 1 int-type attribute(s).
SuperDropletPC(super_droplets_moisture): added 12 real-type attribute(s).
SuperDropletsMoist:
    diagnostics_interval: 1
    include cold processes: true
    cloud/rain radius: 4e-05 [m]
    kinematic mode: false
    dimensionality: three_d
    include phase change: false
    include particle advection: false
    include coalescence: false
    Recycle particles: false
    number of substeps (phase change): 1
    initial phase change relaxation: false
SuperDropletPC(super_droplets_moisture):
  Density scaling: false
  Nucleate particles: false
  Inactive particles threshold: 0.01
  Recycling bounding box: [0, 100]  x [0, 100]  x [0, 100]
  Advect with flow: true
  Advect with gravity: true
  Prescribed advection: false
  Random initial placement: true
  Coalescence bin size: (4,4,4)
  Include Brownian coaslescence: false
  Coalescence kernel: sedimentation
  Mass change time integrator: backward_euler (cfl = 1000)
    Terminal velocity model(s): CloudRainShima (water), IceBohm (ice)
  SuperDropletPC(super_droplets_moisture) Initialization:
    Initial number density: -1
    Initial super-droplets number density: -1
    Particle box: (RealBox 0 100 0 100 0 100 )
    Multiplicity type: constant
    Particles per cell: 2048
    Vapour/Condensate Species material:
        H2O (distribution: mass_constant, value=4.1887902e-42)
        ice (distribution: mass_constant, value=0)
    Aerosols material:
        NaCl (distribution: mass_exponential, min=1e-22, mean=1e-19, max=5e-19)
    Number of physical particles per cell: 1
    Number of super droplets per cell: 2048
    Adding particles in box with volume 1000000.
  Particle container size: 131072
  Total number of superdroplets per cell: 2048
Initialized 131072 super-droplets representing 131072 particles in super-droplets moisture model.
Based on cfl of 1.0 
Compressible dt at level 0 would be:  0.07639693597
Anelastic dt at level 0 would be undefined 
Fixed dt at level 0       is:  0.05
SuperDropletPC(super_droplets_moisture) attributes (min, max, avg):
    mass [kg]: 1.003561393e-22, 1.367218094e-18, 1.001048549e-19
    radius [m]: 2.882826101e-09, 6.885197398e-08, 2.574183616e-08
    multiplicity: 1, 1, 1
    velocity components [m/s]:
        x: 0, 0, 0
        y: 0, 0, 0
        z: 0, 0, 0
    terminal velocity [m/s]: 0, 0, 0
    species masses [kg]:
        H2O: 4.1887902e-42, 4.1887902e-42, 4.1887902e-42
        ice: 0, 0, 0
    aerosol masses [kg]:
        NaCl: 1.003561393e-22, 1.367218094e-18, 1.001048549e-19
    freezing temperature [K]: 235.15, 235.15, 235.15
    eq. radius [m]: 0, 0, 0
    polar. radius [m]: 0, 0, 0
    apparent ice density [kg/m^3]: 0, 0, 0
    rime mass [kg]: 0, 0, 0
    num. primary crystals: 0, 0, 0
Writing super_droplets_moisture_g_lnR_00000.txt
ParticleData: the following additional Eulerian variables are available to plot:
    super_droplets_moisture_mass_flux_x
    super_droplets_moisture_mass_flux_y
    super_droplets_moisture_mass_flux_z
    super_droplets_moisture_number_density
    super_droplets_moisture_sd_number_density
    super_droplets_moisture_mass_density
    super_droplets_moisture_radius
    super_droplets_moisture_mass_density_H2O
    super_droplets_moisture_mass_flux_x_H2O
    super_droplets_moisture_mass_flux_y_H2O
    super_droplets_moisture_mass_flux_z_H2O
    super_droplets_moisture_aerosol_mass_density_NaCl
    super_droplets_moisture_aerosol_mass_flux_x_NaCl
    super_droplets_moisture_aerosol_mass_flux_y_NaCl
    super_droplets_moisture_aerosol_mass_flux_z_NaCl
    super_droplets_moisture_species_mass_density_H2O
    super_droplets_moisture_species_mass_flux_x_H2O
    super_droplets_moisture_species_mass_flux_y_H2O
    super_droplets_moisture_species_mass_flux_z_H2O
    super_droplets_moisture_species_mass_density_ice
    super_droplets_moisture_species_mass_flux_x_ice
    super_droplets_moisture_species_mass_flux_y_ice
    super_droplets_moisture_species_mass_flux_z_ice
SuperDroplets: the following additional variables are available to plot:
    accum_NaCl
Writing native 3D plotfile plt00000
3DPlotfile write time = 0.737350257 seconds.

TIME= 0             
 MASS       = 1060620.201
 RHO THETA  = 300000000
 RHO SCALAR = 0
 RHO QTOTAL = 5.490331091e-37

Total Time: 1.25237718


TinyProfiler total time across processes [min...avg...max]: 1.255 ... 1.255 ... 1.255

-----------------------------------------------------------------------------------------------
Name                                            NCalls  Excl. Min  Excl. Avg  Excl. Max   Max %
-----------------------------------------------------------------------------------------------
WriteBinaryParticleData()                            1     0.7036     0.7062     0.7098  56.56%
SuperDropletPC::ComputeDistributions()               1     0.4769     0.4786     0.4839  38.56%
main()                                               1    0.01327     0.0133    0.01332   1.06%
VisMF::Write(FabArray)                               1   0.005264   0.007643    0.01278   1.02%
ERF::InitData()                                      1   0.009122    0.01069     0.0122   0.97%
WriteMultiLevelPlotfile()                            1  0.0009698   0.006357    0.01052   0.84%
SuperDropletPC::addParticles                         1   0.007067    0.00711   0.007154   0.57%
FillBoundary_finish()                               63    0.00065   0.005042   0.006638   0.53%
UtilCreateCleanDirectory()                           2   3.68e-07   0.001499   0.005994   0.48%
ParticleContainer::WriteParticles()                  1   0.005098    0.00529   0.005378   0.43%
amrex::ParticleToMesh                                5   0.003126   0.003163   0.003241   0.26%
SuperDropletPC::InitializeParticles()                1   0.002526   0.002571   0.002611   0.21%
SuperDropletPC::Diagnostics()                        1   0.002191   0.002191   0.002192   0.17%
SuperDropletsMoist::InitParticles()                  1  3.165e-05  3.424e-05  3.816e-05   0.00%
FabArray::FillBoundary()                            55  2.456e-05  2.587e-05  2.691e-05   0.00%
FillPatchSingleLevel                                 8  5.865e-06  6.196e-06  6.818e-06   0.00%
ERF::FillPatchCrseLevel()                            2  3.715e-06  4.338e-06  4.886e-06   0.00%
SuperDropletsMoist::computeQiQgQsWater()             1  1.723e-06  3.731e-06  4.552e-06   0.00%
ParticleData::writePlotFile                          1  3.589e-06   4.04e-06  4.464e-06   0.00%
SuperDropletsMoist::FinishInit()                     1  2.365e-06  2.768e-06  3.066e-06   0.00%
SuperDropletPC::iceCategoryDensity()                 3  1.158e-06  1.253e-06  1.325e-06   0.00%
Other                                              368   0.001885   0.002733   0.003121   0.25%
-----------------------------------------------------------------------------------------------

-----------------------------------------------------------------------------------------------
Name                                            NCalls  Incl. Min  Incl. Avg  Incl. Max   Max %
-----------------------------------------------------------------------------------------------
main()                                               1      1.252      1.252      1.253  99.80%
ERF::InitData()                                      1      1.239      1.239      1.239  98.74%
ParticleData::writePlotFile                          1     0.7087     0.7115     0.7152  56.99%
WriteBinaryParticleData()                            1     0.7087     0.7115     0.7152  56.99%
SuperDropletsMoist::FinishInit()                     1     0.4826     0.4844     0.4897  39.01%
SuperDropletPC::Diagnostics()                        1     0.4791     0.4809     0.4862  38.74%
SuperDropletPC::ComputeDistributions()               1     0.4769     0.4786     0.4839  38.56%
WriteMultiLevelPlotfile()                            1    0.01223     0.0155    0.01975   1.57%
VisMF::Write(FabArray)                               1   0.005264   0.007643    0.01278   1.02%
SuperDropletsMoist::InitParticles()                  1   0.009795   0.009797     0.0098   0.78%
SuperDropletPC::InitializeParticles()                1    0.00968   0.009683   0.009687   0.77%
FabArray::FillBoundary()                            55   0.001495   0.005922    0.00749   0.60%
SuperDropletPC::addParticles                         1   0.007069   0.007111   0.007156   0.57%
FillBoundary_finish()                               63    0.00065   0.005042   0.006638   0.53%
ERF::FillPatchCrseLevel()                            2  0.0004016   0.004865   0.006443   0.51%
FillPatchSingleLevel                                 8  0.0002121   0.004675   0.006252   0.50%
UtilCreateCleanDirectory()                           2   3.68e-07   0.001499   0.005994   0.48%
ParticleContainer::WriteParticles()                  1   0.005098    0.00529   0.005378   0.43%
amrex::ParticleToMesh                                5   0.003362   0.003379   0.003398   0.27%
SuperDropletsMoist::computeQiQgQsWater()             1   0.002028   0.002033    0.00204   0.16%
SuperDropletPC::iceCategoryDensity()                 3   0.001967   0.001977   0.001985   0.16%
Other                                              368   0.008908    0.01001    0.01061   0.85%
-----------------------------------------------------------------------------------------------

Unused ParmParse Variables:
  [TOP]::erf.use_rayleigh_damping(nvals = 1)  :: [false]

Pinned Memory Usage:
--------------------------------------------------------------------------------------------------------------
Name                            Nalloc  AvgMem min  AvgMem avg  AvgMem max  MaxMem min  MaxMem avg  MaxMem max
--------------------------------------------------------------------------------------------------------------
The_Pinned_Arena::Initialize()       4      12   B      12   B      14   B    8192 KiB    8192 KiB    8192 KiB
--------------------------------------------------------------------------------------------------------------

Cpu Memory Usage:
------------------------------------------------------------------------------------------------------------
Name                          Nalloc  AvgMem min  AvgMem avg  AvgMem max  MaxMem min  MaxMem avg  MaxMem max
------------------------------------------------------------------------------------------------------------
ERF::InitData()                  224     305 KiB     305 KiB     305 KiB     369 KiB     369 KiB     369 KiB
SuperDropletsMoist::Init()        72      87 KiB      87 KiB      87 KiB      90 KiB      90 KiB      90 KiB
FillBoundary_nowait()           1008      23   B     294   B     389   B      75 KiB      75 KiB      75 KiB
amrex::ParticleToMesh             20      12   B      12   B      13   B    5120   B    5120   B    5120   B
ERF::estTimeStep()                 4       0   B       0   B       0   B     384   B     384   B     384   B
ERF::volWgtSumMF()                72       0   B       0   B       0   B     128   B     128   B     128   B
SuperDropletPC::addParticles       8       0   B       0   B       0   B     128   B     128   B     128   B
------------------------------------------------------------------------------------------------------------

AMReX (25.12-26-g53dc0a470c5d) finalized
