Initializing AMReX (25.12-26-g53dc0a470c5d)...
MPI initialized with 4 MPI processes
MPI initialized with thread support level 0
Initializing HIP...
HIP initialized with 4 devices.
AMReX (25.12-26-g53dc0a470c5d) initialized
Successfully read inputs file ... 

ERF git hash: 26.01-944-gc622469bbba3
AMReX git hash: 25.12-26-g53dc0a470c5d

Problem name (from inputs file) is Unknown
Thermal stratification based on gradient of potential temperature
Null land surface model!
SOLVER CHOICE: 
At level 0 : 
   compressible with no substepping
vert_implicit_fac           : 0 0 0
use_coriolis                : 0
use_gravity                 : 0
Moisture Model: None
Terrain Type: None
Buildings Type: None
   Mesh Type: ConstantDz
ABL Driver Type: 
    None
Radiation Model: None
Gradp_type                  : 0
Buoyancy_type at level 0 : 2
Advection Choices: 
    dycore_horiz_adv_type   : Upwind_3rd
    dycore_vert_adv_type    : Upwind_3rd
   dryscal_horiz_adv_type   : Upwind_3rd
   dryscal_vert_adv_type    : Upwind_3rd
 moistscal_horiz_adv_type   : WENO3
 moistscal_vert_adv_type    : WENO3
Diffusion choices: 
    rho0_trans              : 1
    alpha_T                 : 0
    alpha_C                 : 0
    dynamic_viscosity       : 0
Not using any molecular diffusivity, i.e. using the modeled turbulent diffusivity
Sponge choices: 
Rayleigh damping            : None
w damping                   : 0 (coeff = -1 * dz/dt**2)
Turbulence Settings at level 0
    Using DNS model at level 0
Super-Droplets moisture model!
Creating new distribution map on level: 0
BA FROM SCRATCH AT LEVEL 0 (BoxArray maxbox(4)
       m_ref->m_hash_sig(0)
       ((0,0,0) (1,1,3) (0,0,0)) ((2,0,0) (3,1,3) (0,0,0)) ((0,2,0) (1,3,3) (0,0,0)) ((2,2,0) (3,3,3) (0,0,0)) )

max of zphys_nd 100
max of zlevels  100
Initializing uniform fields rho=1 theta=300
Bubble delta T = -15 K
  centered at (0 0 0)
  with extent (0 0 0)
SuperDropletPC(super_droplets_moisture): added 1 int-type attribute(s).
SuperDropletPC(super_droplets_moisture): added 12 real-type attribute(s).
SuperDropletsMoist:
    diagnostics_interval: 1
    include cold processes: true
    cloud/rain radius: 4e-05 [m]
    kinematic mode: false
    dimensionality: three_d
    include phase change: false
    include particle advection: false
    include coalescence: false
    Recycle particles: false
    number of substeps (phase change): 1
    initial phase change relaxation: false
SuperDropletPC(super_droplets_moisture):
  Density scaling: false
  Nucleate particles: false
  Inactive particles threshold: 0.01
  Recycling bounding box: [0, 100]  x [0, 100]  x [0, 100]
  Advect with flow: true
  Advect with gravity: true
  Prescribed advection: false
  Random initial placement: true
  Coalescence bin size: (4,4,4)
  Include Brownian coaslescence: false
  Coalescence kernel: sedimentation
  Mass change time integrator: backward_euler (cfl = 1000)
    Terminal velocity model(s): CloudRainShima (water), IceBohm (ice)
  SuperDropletPC(super_droplets_moisture) Initialization:
    Initial number density: -1
    Initial super-droplets number density: -1
    Particle box: (RealBox 0 100 0 100 0 100 )
    Multiplicity type: constant
    Particles per cell: 2048
    Vapour/Condensate Species material:
        H2O (distribution: mass_constant, value=4.1887902e-42)
        ice (distribution: mass_constant, value=0)
    Aerosols material:
        NaCl (distribution: mass_constant, value=1e-19)
    Number of physical particles per cell: 1
    Number of super droplets per cell: 2048
    Adding particles in box with volume 1000000.
  Particle container size: 131072
  Total number of superdroplets per cell: 2048
Initialized 131072 super-droplets representing 131072 particles in super-droplets moisture model.
Based on cfl of 1.0 
Compressible dt at level 0 would be:  0.07639693597
Anelastic dt at level 0 would be undefined 
Fixed dt at level 0       is:  0.05
SuperDropletPC(super_droplets_moisture) attributes (min, max, avg):
    mass [kg]: 1e-19, 1e-19, 1e-19
    radius [m]: 2.879411911e-08, 2.879411911e-08, 2.879411911e-08
    multiplicity: 1, 1, 1
    velocity components [m/s]:
        x: 0, 0, 0
        y: 0, 0, 0
        z: 0, 0, 0
    terminal velocity [m/s]: 0, 0, 0
    species masses [kg]:
        H2O: 4.1887902e-42, 4.1887902e-42, 4.1887902e-42
        ice: 0, 0, 0
    aerosol masses [kg]:
        NaCl: 1e-19, 1e-19, 1e-19
    freezing temperature [K]: 235.15, 235.15, 235.15
    eq. radius [m]: 0, 0, 0
    polar. radius [m]: 0, 0, 0
    apparent ice density [kg/m^3]: 0, 0, 0
    rime mass [kg]: 0, 0, 0
    num. primary crystals: 0, 0, 0
Writing super_droplets_moisture_g_lnR_00000.txt
ParticleData: the following additional Eulerian variables are available to plot:
    super_droplets_moisture_mass_flux_x
    super_droplets_moisture_mass_flux_y
    super_droplets_moisture_mass_flux_z
    super_droplets_moisture_number_density
    super_droplets_moisture_sd_number_density
    super_droplets_moisture_mass_density
    super_droplets_moisture_radius
    super_droplets_moisture_mass_density_H2O
    super_droplets_moisture_mass_flux_x_H2O
    super_droplets_moisture_mass_flux_y_H2O
    super_droplets_moisture_mass_flux_z_H2O
    super_droplets_moisture_aerosol_mass_density_NaCl
    super_droplets_moisture_aerosol_mass_flux_x_NaCl
    super_droplets_moisture_aerosol_mass_flux_y_NaCl
    super_droplets_moisture_aerosol_mass_flux_z_NaCl
    super_droplets_moisture_species_mass_density_H2O
    super_droplets_moisture_species_mass_flux_x_H2O
    super_droplets_moisture_species_mass_flux_y_H2O
    super_droplets_moisture_species_mass_flux_z_H2O
    super_droplets_moisture_species_mass_density_ice
    super_droplets_moisture_species_mass_flux_x_ice
    super_droplets_moisture_species_mass_flux_y_ice
    super_droplets_moisture_species_mass_flux_z_ice
SuperDroplets: the following additional variables are available to plot:
    accum_NaCl
Writing native 3D plotfile plt00000
3DPlotfile write time = 0.081017107 seconds.

TIME= 0             
 MASS       = 1060620.201
 RHO THETA  = 300000000
 RHO SCALAR = 0
 RHO QTOTAL = 5.490331091e-37

Total Time: 2.135347424


TinyProfiler total time across processes [min...avg...max]: 1.048 ... 1.648 ... 2.136

-----------------------------------------------------------------------------------------------
Name                                            NCalls  Excl. Min  Excl. Avg  Excl. Max   Max %
-----------------------------------------------------------------------------------------------
DistributionMapping::LeastUsedCPUs()                 1  6.087e-05     0.5953      1.084  50.76%
ERF::InitData()                                      1     0.1097     0.2851     0.5459  25.56%
FillBoundary_finish()                               63     0.2119     0.3315      0.451  21.12%
FillBoundary_nowait()                               63   0.003412     0.1503     0.2117   9.91%
SuperDropletPC::addParticles                         1     0.1282     0.1586     0.1866   8.74%
SuperDropletPC::InitializeParticles()                1  0.0001795    0.02825    0.05861   2.74%
WriteBinaryParticleData()                            1    0.03211    0.03425    0.03871   1.81%
VisMF::Write(FabArray)                               1   0.005044   0.009485    0.01711   0.80%
SuperDropletPC::ComputeDistributions()               1    0.01086    0.01216    0.01606   0.75%
main()                                               1  0.0008165   0.007529    0.01452   0.68%
ParticleContainer::WriteParticles()                  1   0.009703    0.01219    0.01418   0.66%
WriteMultiLevelPlotfile()                            1  3.185e-05   0.006662    0.01203   0.56%
UtilCreateCleanDirectory()                           2    3.5e-07   0.001811   0.007242   0.34%
SuperDropletPC::define()                             1   0.003128   0.003163   0.003248   0.15%
FabArrayBase::FB::FB()                              10   0.002229    0.00226   0.002319   0.11%
amrex::ParticleToMesh                                5   0.001158   0.001176   0.001201   0.06%
SuperDropletPC::Diagnostics()                        1   0.001124   0.001125   0.001126   0.05%
SuperDropletsMoist::Copy_State_to_Micro()            1  0.0001056  0.0001446  0.0001768   0.01%
SuperDropletsMoist::Init()                           1  9.594e-05  0.0001005  0.0001063   0.00%
SuperDropletsMoist::InitParticles()                  1    4.2e-05  5.418e-05  6.554e-05   0.00%
AmrMesh::MakeDistributionMap()                       1   4.31e-06  2.102e-05  5.745e-05   0.00%
FabArrayBase::getFB()                               63  2.457e-05  3.368e-05  4.254e-05   0.00%
FabArray::FillBoundary()                            55  3.087e-05  3.279e-05  3.613e-05   0.00%
SuperDropletsMoist::FinishInit()                     1  2.257e-05  2.584e-05  2.923e-05   0.00%
SuperDropletsMoist::Update_Micro_Vars()              1  8.021e-06  1.727e-05  2.909e-05   0.00%
FillPatchSingleLevel                                 8  1.006e-05  1.341e-05  1.754e-05   0.00%
DistributionMapping::SFCProcessorMapDoIt()           1   1.01e-05  1.126e-05  1.203e-05   0.00%
ParticleData::writePlotFile                          1    4.9e-06   5.97e-06   7.87e-06   0.00%
ERF::FillPatchCrseLevel()                            2  5.511e-06  5.935e-06   6.28e-06   0.00%
FAbArray::OverrideSync()                             3   2.25e-06  2.518e-06   2.71e-06   0.00%
OverrideSync_nowait()                                3   1.42e-06  1.605e-06   1.83e-06   0.00%
Other                                              223   0.004832   0.005916   0.006599   0.31%
-----------------------------------------------------------------------------------------------

-----------------------------------------------------------------------------------------------
Name                                            NCalls  Incl. Min  Incl. Avg  Incl. Max   Max %
-----------------------------------------------------------------------------------------------
main()                                               1      1.048      1.647      2.136 100.00%
ERF::InitData()                                      1      1.047       1.64      2.122  99.35%
AmrMesh::MakeDistributionMap()                       1  8.313e-05     0.5953      1.084  50.76%
DistributionMapping::SFCProcessorMapDoIt()           1  7.471e-05     0.5953      1.084  50.76%
DistributionMapping::LeastUsedCPUs()                 1  6.087e-05     0.5953      1.084  50.76%
FabArray::FillBoundary()                            55     0.2149     0.4814     0.6583  30.83%
FillBoundary_finish()                               63     0.2119     0.3315      0.451  21.12%
FillBoundary_nowait()                               63   0.005755     0.1526     0.2139  10.02%
SuperDropletsMoist::InitParticles()                  1      0.187      0.187      0.187   8.76%
SuperDropletPC::InitializeParticles()                1     0.1869     0.1869     0.1869   8.75%
SuperDropletPC::addParticles                         1     0.1283     0.1586     0.1867   8.74%
ParticleData::writePlotFile                          1    0.04227    0.04645    0.05072   2.38%
WriteBinaryParticleData()                            1    0.04227    0.04644    0.05071   2.37%
WriteMultiLevelPlotfile()                            1    0.01234    0.01796    0.02439   1.14%
SuperDropletsMoist::FinishInit()                     1    0.01465    0.01596    0.01989   0.93%
SuperDropletPC::Diagnostics()                        1    0.01201    0.01332    0.01724   0.81%
VisMF::Write(FabArray)                               1   0.005044   0.009485    0.01711   0.80%
SuperDropletPC::ComputeDistributions()               1    0.01086    0.01216    0.01606   0.75%
ParticleContainer::WriteParticles()                  1   0.009703    0.01219    0.01418   0.66%
UtilCreateCleanDirectory()                           2    3.5e-07   0.001811   0.007242   0.34%
ERF::FillPatchCrseLevel()                            2   0.001148   0.005142   0.006482   0.30%
FillPatchSingleLevel                                 8  0.0005929   0.004586   0.005923   0.28%
SuperDropletsMoist::Init()                           1   0.004724   0.004739   0.004756   0.22%
SuperDropletPC::define()                             1   0.004286   0.004329   0.004427   0.21%
FabArrayBase::getFB()                               63    0.00226   0.002294   0.002343   0.11%
FabArrayBase::FB::FB()                              10   0.002229    0.00226   0.002319   0.11%
FAbArray::OverrideSync()                             3   0.002032   0.002055   0.002081   0.10%
amrex::ParticleToMesh                                5    0.00195   0.001993   0.002029   0.09%
OverrideSync_nowait()                                3   0.001977   0.001998   0.002028   0.09%
SuperDropletsMoist::Update_Micro_Vars()              1   0.001799   0.001811   0.001819   0.09%
SuperDropletsMoist::Copy_State_to_Micro()            1   0.001776   0.001793   0.001807   0.08%
Other                                              223     0.0161    0.01837     0.0199   0.93%
-----------------------------------------------------------------------------------------------

Unused ParmParse Variables:
  [TOP]::erf.use_rayleigh_damping(nvals = 1)  :: [false]

Device Memory Usage:
------------------------------------------------------------------------------------------------------------------------
Name                                      Nalloc  AvgMem min  AvgMem avg  AvgMem max  MaxMem min  MaxMem avg  MaxMem max
------------------------------------------------------------------------------------------------------------------------
The_Arena::Initialize()                        4     108 KiB     123 KiB     134 KiB      96 GiB      96 GiB      96 GiB
ResizeRandomSeed                               4      24 MiB      31 MiB      36 MiB      85 MiB      85 MiB      85 MiB
SuperDropletPC::Diagnostics()                116      18 KiB      20 KiB      26 KiB      10 MiB      10 MiB      10 MiB
SuperDropletPC::addParticles                 116     262 KiB     270 KiB     274 KiB    6894 KiB    6894 KiB    6894 KiB
ParticleContainer::WriteParticles()           28    2060   B    3059   B    4468   B    5785 KiB    5785 KiB    5785 KiB
VisMF::Write(FabArray)                         4       4   B       6   B      11   B     912 KiB     912 KiB     912 KiB
ERF::InitData()                              256      49 KiB      50 KiB      50 KiB     768 KiB     768 KiB     768 KiB
WriteBinaryParticleData()                     12     680   B     815   B     876   B     586 KiB     586 KiB     586 KiB
ERF::estTimeStep()                            20       6   B       7   B       8   B     456 KiB     456 KiB     456 KiB
MultiFab::max()                                8      90   B      90   B      91   B     456 KiB     456 KiB     456 KiB
FabArray::sum()                              144      26   B      40   B      47   B     456 KiB     456 KiB     456 KiB
SuperDropletPC::ComputeDistributions()      1604     412   B     645   B     757   B     456 KiB     456 KiB     456 KiB
SuperDropletPC::InitializeParticles()          4       3   B       4   B       6   B     456 KiB     456 KiB     456 KiB
SuperDropletPC::TotalNumberOfParticles()       8       5   B       6   B       7   B     456 KiB     456 KiB     456 KiB
SuperDropletsMoist::InitParticles()            4       1   B       1   B       1   B     456 KiB     456 KiB     456 KiB
FillBoundary_nowait()                        844    8135   B    8316   B    8622   B     256 KiB     257 KiB     257 KiB
FillBoundary_finish()                        152    4506   B    4646   B    4768   B     150 KiB     150 KiB     150 KiB
SuperDropletsMoist::Init()                    72    4022   B    4114   B    4152   B      90 KiB      90 KiB      90 KiB
SuperDropletPC::define()                      40       6   B       6   B       7   B     160   B     160   B     160   B
ERF::volWgtSumMF()                            72       0   B       0   B       0   B     128   B     128   B     128   B
main()                                         4       5   B       7   B      10   B      32   B      32   B      32   B
------------------------------------------------------------------------------------------------------------------------

Managed Memory Usage:
---------------------------------------------------------------------------------------------------------------
Name                             Nalloc  AvgMem min  AvgMem avg  AvgMem max  MaxMem min  MaxMem avg  MaxMem max
---------------------------------------------------------------------------------------------------------------
The_Managed_Arena::Initialize()       4       0   B       0   B       0   B    8192 KiB    8192 KiB    8192 KiB
---------------------------------------------------------------------------------------------------------------

Pinned Memory Usage:
------------------------------------------------------------------------------------------------------------------------
Name                                      Nalloc  AvgMem min  AvgMem avg  AvgMem max  MaxMem min  MaxMem avg  MaxMem max
------------------------------------------------------------------------------------------------------------------------
The_Pinned_Arena::Initialize()                 4       0   B       0   B       2   B    8192 KiB    8192 KiB    8192 KiB
FillBoundary_nowait()                        324    8135   B    8315   B    8621   B     255 KiB     255 KiB     256 KiB
FillBoundary_finish()                        152    4506   B    4646   B    4768   B     150 KiB     150 KiB     150 KiB
ERF::estTimeStep()                            16       1   B       1   B       1   B     272   B     272   B     272   B
SuperDropletPC::Diagnostics()                116       0   B       0   B       0   B     192   B     192   B     192   B
FabArray::sum()                              144       0   B       0   B       0   B     144   B     144   B     144   B
MultiFab::max()                                8      16   B      16   B      16   B     144   B     144   B     144   B
SuperDropletPC::InitializeParticles()         12       1   B       1   B       2   B     144   B     144   B     144   B
VisMF::Write(FabArray)                         8       0   B       0   B       0   B     128   B     128   B     128   B
ERF::sum_integrated_quantities()              12       0   B       0   B       0   B      48   B      48   B      48   B
WriteBinaryParticleData()                      8       0   B       0   B       0   B      16   B      16   B      16   B
ERF::InitData()                                4       0   B       0   B       0   B      16   B      16   B      16   B
SuperDropletsMoist::InitParticles()            4       0   B       0   B       0   B      16   B      16   B      16   B
SuperDropletPC::addParticles                   4       0   B       0   B       0   B      16   B      16   B      16   B
SuperDropletPC::TotalNumberOfParticles()       8       0   B       0   B       0   B      16   B      16   B      16   B
SuperDropletPC::ComputeDistributions()      1604       0   B       0   B       0   B      16   B      16   B      16   B
ParticleContainer::WriteParticles()            4       0   B       0   B       0   B      16   B      16   B      16   B
------------------------------------------------------------------------------------------------------------------------

Comms Memory Usage:
-------------------------------------------------------------------------------------------------------------
Name                           Nalloc  AvgMem min  AvgMem avg  AvgMem max  MaxMem min  MaxMem avg  MaxMem max
-------------------------------------------------------------------------------------------------------------
The_Comms_Arena::Initialize()       4       0   B       1   B       4   B    8192 KiB    8192 KiB    8192 KiB
FillBoundary_nowait()             488    1098   B    1575   B    1864   B      75 KiB      75 KiB      75 KiB
-------------------------------------------------------------------------------------------------------------

Total GPU global memory (MB) spread across MPI: [131072 ... 131072]
Free  GPU global memory (MB) spread across MPI: [30626 ... 30626]
[The         Arena] max space (MB) allocated spread across MPI: [98304 ... 98304]
[The         Arena] max space (MB) used      spread across MPI: [102 ... 102]
[The Managed Arena] max space (MB) allocated spread across MPI: [8 ... 8]
[The Managed Arena] max space (MB) used      spread across MPI: [0 ... 0]
[The  Pinned Arena] max space (MB) allocated spread across MPI: [8 ... 8]
[The  Pinned Arena] max space (MB) used      spread across MPI: [0 ... 0]
[The   Comms Arena] max space (MB) allocated spread across MPI: [8 ... 8]
[The   Comms Arena] max space (MB) used      spread across MPI: [0 ... 0]
AMReX (25.12-26-g53dc0a470c5d) finalized
